// Jest Snapshot v1, https://goo.gl/fbAQLP

exports[`TakerV3Factory #createPool gas 1`] = `4729417`;

exports[`TakerV3Factory factory bytecode size 1`] = `5151`;

exports[`TakerV3Factory pool bytecode size 1`] = `22962`;
